{"logTime": "0911/151224", "correlationVector":"7Arz9uziAuFw1ex9Mp+AVs.1","action":"SyncServerConnectionManagerRequest", "result":"SYNC_SERVER_OK", "context":{"environment":"Prod_southindia_prod-s01-004-apac-southindia", "migrationStage":"NotStarted", "server":"akswtt10700006v"}}
{"logTime": "0911/151224", "correlationVector":"7Arz9uziAuFw1ex9Mp+AVs.2","action":"ProcessGetUpdates", "result":"Done", "context":{"dataType":"Encryption Keys", "deleted":"0", "process_failed_to_decrypt":"0", "process_pending_decryption":"0", "process_success":"1", "total":"1"}}
{"logTime": "0911/151239", "correlationVector":"m0LGF+hRWRPE3ynwJqjGjq.1","action":"SyncServerConnectionManagerRequest", "result":"SYNC_SERVER_OK", "context":{"environment":"Prod_southindia_prod-s01-004-apac-southindia", "migrationStage":"NotStarted", "server":"akswtt10700009p"}}
{"logTime": "0911/151239", "correlationVector":"m0LGF+hRWRPE3ynwJqjGjq.2","action":"ProcessGetUpdates", "result":"Done", "context":{"dataType":"Encryption Keys", "deleted":"0", "process_failed_to_decrypt":"0", "process_pending_decryption":"0", "process_success":"1", "total":"1"}}
{"logTime": "0911/151241", "correlationVector":"vKQWu50/CUgNMf9WfE1wpX","action":"SyncServerConnectionManagerRequest", "result":"SYNC_SERVER_OK", "context":{"environment":"", "migrationStage":"", "server":""}}
{"logTime": "0911/151241", "correlationVector":"vKQWu50/CUgNMf9WfE1wpX.0","action":"EncryptionKeysFetcher.DownloadKeys:", "result":"Success", "context":Key count: 1, Last key timestamp: 2026-09-10T13:55:53Z}
{"logTime": "0911/151241", "correlationVector":"vKQWu50/CUgNMf9WfE1wpX.1","action":"EncryptionKeysManager::SetEncryptionKeys:", "result":"Success", "context":Key names[1]:[Pp3ljY+VMG9llyWZp5pBDBXZsR2rz7Byc3UFIRuRw90/OdUuYAsqOIdY79yVpsG5mpg63IgmcVJjV3RjdHHNYQ==]}
{"logTime": "0911/151241", "correlationVector":"vKQWu50/CUgNMf9WfE1wpX.2","action":"EncryptionKeysManager::SetEncryptionKeysWithTimestamps:", "result":"Success", "context":Key timestamps[1]:[2026-09-10T13:55:53Z]}
{"logTime": "0911/151241", "correlationVector":"m0LGF+hRWRPE3ynwJqjGjq","action":"Initial GetUpdates", "result":"", "context":Reason: NEW_CLIENT. cV=m0LGF+hRWRPE3ynwJqjGjq}
{"logTime": "0911/151241", "correlationVector":"m0LGF+hRWRPE3ynwJqjGjq.3","action":"GetUpdates Response", "result":"Success", "context":Received 1 update(s). cV=m0LGF+hRWRPE3ynwJqjGjq.0;server=akswtt10700009p;cloudType=Consumer;environment=Prod_southindia_prod-s01-004-apac-southindia;migrationStage=NotStarted}
{"logTime": "0911/151241", "correlationVector":"Knvai2PZaM+xpKnt4OdbGh","action":"Initial GetUpdates", "result":"", "context":Reason: NEWLY_SUPPORTED_DATATYPE. cV=Knvai2PZaM+xpKnt4OdbGh}
{"logTime": "0911/151242", "correlationVector":"Knvai2PZaM+xpKnt4OdbGh.1","action":"SyncServerConnectionManagerRequest", "result":"SYNC_SERVER_OK", "context":{"environment":"Prod_southindia_prod-s01-004-apac-southindia", "migrationStage":"NotStarted", "server":"akswtt107000058"}}
{"logTime": "0911/151242", "correlationVector":"Knvai2PZaM+xpKnt4OdbGh.2","action":"ProcessGetUpdates", "result":"Done", "context":{"dataType":"Device Info", "deleted":"0", "process_failed_to_decrypt":"0", "process_pending_decryption":"0", "process_success":"2", "total":"2"}}
{"logTime": "0911/151242", "correlationVector":"Knvai2PZaM+xpKnt4OdbGh.3","action":"GetUpdates Response", "result":"Success", "context":Received 2 update(s). cV=Knvai2PZaM+xpKnt4OdbGh.0;server=akswtt107000058;cloudType=Consumer;environment=Prod_southindia_prod-s01-004-apac-southindia;migrationStage=NotStarted}
{"logTime": "0911/151242", "correlationVector":"Td9aeXZZ2vlc13weCOWN4h","action":"Initial GetUpdates", "result":"", "context":Reason: NEWLY_SUPPORTED_DATATYPE. cV=Td9aeXZZ2vlc13weCOWN4h}
{"logTime": "0911/151242", "correlationVector":"Td9aeXZZ2vlc13weCOWN4h.1","action":"SyncServerConnectionManagerRequest", "result":"SYNC_SERVER_OK", "context":{"environment":"Prod_southindia_prod-s01-004-apac-southindia", "migrationStage":"NotStarted", "server":"akswtt10700004g"}}
{"logTime": "0911/151242", "correlationVector":"Td9aeXZZ2vlc13weCOWN4h.2","action":"GetUpdates Response", "result":"Success", "context":Received 0 update(s). cV=Td9aeXZZ2vlc13weCOWN4h.0;server=akswtt10700004g;cloudType=Consumer;environment=Prod_southindia_prod-s01-004-apac-southindia;migrationStage=NotStarted}
{"logTime": "0911/151242", "correlationVector":"CFScNJVuXiTMIFNRxaQpkL","action":"Normal GetUpdate request", "result":"", "context":cV=CFScNJVuXiTMIFNRxaQpkL
Nudged types: Device Info, User Consents
Refresh requested types: Extensions, Extension settings, Device Info, User Consents, Send Tab To Self, Web Apps, Encryption Keys}
{"logTime": "0911/151243", "correlationVector":"CFScNJVuXiTMIFNRxaQpkL.1","action":"SyncServerConnectionManagerRequest", "result":"SYNC_SERVER_OK", "context":{"environment":"Prod_southindia_prod-s01-004-apac-southindia", "migrationStage":"NotStarted", "server":"akswtt107000041"}}
{"logTime": "0911/151243", "correlationVector":"CFScNJVuXiTMIFNRxaQpkL.2","action":"GetUpdates Response", "result":"Success", "context":Received 0 update(s). cV=CFScNJVuXiTMIFNRxaQpkL.0;server=akswtt107000041;cloudType=Consumer;environment=Prod_southindia_prod-s01-004-apac-southindia;migrationStage=NotStarted}
{"logTime": "0911/151243", "correlationVector":"V+pUNOQ7+qERhyuxhimyx6","action":"DoCompareDataConsistency requsted types: ", "result":"Extensions, Extension settings, Send Tab To Self, Web Apps, Encryption Keys"}
{"logTime": "0911/151243", "correlationVector":"V+pUNOQ7+qERhyuxhimyx6.0","action":"CompareDataConsistency result: ", "result":"Compare result: Encryption Keys is consistent. local entities count is: 1 local entities hash is: vSmht8sszQI73ciMMFUusrMNe1c="}
{"logTime": "0911/151243", "correlationVector":"V+pUNOQ7+qERhyuxhimyx6.1","action":"CompareDataConsistency result: ", "result":"Compare result: Extensions is consistent. local entities count is: 0 local entities hash is: "}
{"logTime": "0911/151243", "correlationVector":"V+pUNOQ7+qERhyuxhimyx6.2","action":"CompareDataConsistency result: ", "result":"Compare result: Extension settings is consistent. local entities count is: 0 local entities hash is: "}
{"logTime": "0911/151243", "correlationVector":"V+pUNOQ7+qERhyuxhimyx6.3","action":"CompareDataConsistency result: ", "result":"Server did not send this Send Tab To Self local entities count is: 0 local entities hash is: "}
{"logTime": "0911/151243", "correlationVector":"V+pUNOQ7+qERhyuxhimyx6.4","action":"CompareDataConsistency result: ", "result":"Compare result: Web Apps is consistent. local entities count is: 0 local entities hash is: "}
{"logTime": "0911/151243", "correlationVector":"QORVG0QhePrEReCr0YDnqh","action":"Commit Request", "result":"", "context":Item count: 2
Contributing types: Device Info, User Consents}
{"logTime": "0911/151254", "correlationVector":"oWn+lGmIZ+GN+Lo5pxJfk9.1","action":"SyncServerConnectionManagerRequest", "result":"SYNC_SERVER_OK", "context":{"environment":"Prod_southindia_prod-s01-004-apac-southindia", "migrationStage":"NotStarted", "server":"akswtt107000056"}}
{"logTime": "0911/151254", "correlationVector":"oWn+lGmIZ+GN+Lo5pxJfk9.2","action":"ProcessGetUpdates", "result":"Done", "context":{"dataType":"Encryption Keys", "deleted":"0", "process_failed_to_decrypt":"0", "process_pending_decryption":"0", "process_success":"1", "total":"1"}}
{"logTime": "0911/151257", "correlationVector":"+rogOJjKARuY7gVOqrO5s6","action":"SyncServerConnectionManagerRequest", "result":"SYNC_SERVER_OK", "context":{"environment":"", "migrationStage":"", "server":""}}
{"logTime": "0911/151257", "correlationVector":"+rogOJjKARuY7gVOqrO5s6.0","action":"EncryptionKeysFetcher.DownloadKeys:", "result":"Success", "context":Key count: 1, Last key timestamp: 2026-09-10T13:55:53Z}
{"logTime": "0911/151257", "correlationVector":"+rogOJjKARuY7gVOqrO5s6.1","action":"EncryptionKeysManager::SetEncryptionKeys:", "result":"Success", "context":Key names[1]:[Pp3ljY+VMG9llyWZp5pBDBXZsR2rz7Byc3UFIRuRw90/OdUuYAsqOIdY79yVpsG5mpg63IgmcVJjV3RjdHHNYQ==]}
{"logTime": "0911/151257", "correlationVector":"+rogOJjKARuY7gVOqrO5s6.2","action":"EncryptionKeysManager::SetEncryptionKeysWithTimestamps:", "result":"Success", "context":Key timestamps[1]:[2026-09-10T13:55:53Z]}
{"logTime": "0911/151257", "correlationVector":"oWn+lGmIZ+GN+Lo5pxJfk9","action":"Initial GetUpdates", "result":"", "context":Reason: NEW_CLIENT. cV=oWn+lGmIZ+GN+Lo5pxJfk9}
{"logTime": "0911/151257", "correlationVector":"oWn+lGmIZ+GN+Lo5pxJfk9.3","action":"GetUpdates Response", "result":"Success", "context":Received 1 update(s). cV=oWn+lGmIZ+GN+Lo5pxJfk9.0;server=akswtt107000056;cloudType=Consumer;environment=Prod_southindia_prod-s01-004-apac-southindia;migrationStage=NotStarted}
{"logTime": "0911/151257", "correlationVector":"q6U8gafx+kyRns+FOJoj7+","action":"Initial GetUpdates", "result":"", "context":Reason: NEWLY_SUPPORTED_DATATYPE. cV=q6U8gafx+kyRns+FOJoj7+}
{"logTime": "0911/151258", "correlationVector":"q6U8gafx+kyRns+FOJoj7+.1","action":"SyncServerConnectionManagerRequest", "result":"SYNC_SERVER_OK", "context":{"environment":"Prod_southindia_prod-s01-004-apac-southindia", "migrationStage":"NotStarted", "server":"akswtt10700005y"}}
{"logTime": "0911/151258", "correlationVector":"q6U8gafx+kyRns+FOJoj7+.2","action":"ProcessGetUpdates", "result":"Done", "context":{"dataType":"Device Info", "deleted":"0", "process_failed_to_decrypt":"0", "process_pending_decryption":"0", "process_success":"3", "total":"3"}}
{"logTime": "0911/151258", "correlationVector":"q6U8gafx+kyRns+FOJoj7+.3","action":"GetUpdates Response", "result":"Success", "context":Received 3 update(s). cV=q6U8gafx+kyRns+FOJoj7+.0;server=akswtt10700005y;cloudType=Consumer;environment=Prod_southindia_prod-s01-004-apac-southindia;migrationStage=NotStarted}
{"logTime": "0911/151258", "correlationVector":"QjdDTjsrH9klNb3zwEicMF","action":"Initial GetUpdates", "result":"", "context":Reason: NEWLY_SUPPORTED_DATATYPE. cV=QjdDTjsrH9klNb3zwEicMF}
{"logTime": "0911/151258", "correlationVector":"QjdDTjsrH9klNb3zwEicMF.1","action":"SyncServerConnectionManagerRequest", "result":"SYNC_SERVER_OK", "context":{"environment":"Prod_southindia_prod-s01-004-apac-southindia", "migrationStage":"NotStarted", "server":"akswtt10700004f"}}
{"logTime": "0911/151258", "correlationVector":"QjdDTjsrH9klNb3zwEicMF.2","action":"GetUpdates Response", "result":"Success", "context":Received 0 update(s). cV=QjdDTjsrH9klNb3zwEicMF.0;server=akswtt10700004f;cloudType=Consumer;environment=Prod_southindia_prod-s01-004-apac-southindia;migrationStage=NotStarted}
{"logTime": "0911/151348", "correlationVector":"mvN0E5lCj8JtX1pSbnW9h+.1","action":"SyncServerConnectionManagerRequest", "result":"SYNC_SERVER_OK", "context":{"environment":"Prod_southindia_prod-s01-004-apac-southindia", "migrationStage":"NotStarted", "server":"akswtt10700005f"}}
{"logTime": "0911/151348", "correlationVector":"mvN0E5lCj8JtX1pSbnW9h+.2","action":"ProcessGetUpdates", "result":"Done", "context":{"dataType":"Encryption Keys", "deleted":"0", "process_failed_to_decrypt":"0", "process_pending_decryption":"0", "process_success":"1", "total":"1"}}
{"logTime": "0911/151349", "correlationVector":"Yifh0UnN4Zej7RKO9kscZ3","action":"SyncServerConnectionManagerRequest", "result":"SYNC_SERVER_OK", "context":{"environment":"", "migrationStage":"", "server":""}}
{"logTime": "0911/151349", "correlationVector":"Yifh0UnN4Zej7RKO9kscZ3.0","action":"EncryptionKeysFetcher.DownloadKeys:", "result":"Success", "context":Key count: 1, Last key timestamp: 2026-09-10T13:55:53Z}
{"logTime": "0911/151349", "correlationVector":"Yifh0UnN4Zej7RKO9kscZ3.1","action":"EncryptionKeysManager::SetEncryptionKeys:", "result":"Success", "context":Key names[1]:[Pp3ljY+VMG9llyWZp5pBDBXZsR2rz7Byc3UFIRuRw90/OdUuYAsqOIdY79yVpsG5mpg63IgmcVJjV3RjdHHNYQ==]}
{"logTime": "0911/151349", "correlationVector":"Yifh0UnN4Zej7RKO9kscZ3.2","action":"EncryptionKeysManager::SetEncryptionKeysWithTimestamps:", "result":"Success", "context":Key timestamps[1]:[2026-09-10T13:55:53Z]}
{"logTime": "0911/151349", "correlationVector":"mvN0E5lCj8JtX1pSbnW9h+","action":"Initial GetUpdates", "result":"", "context":Reason: NEW_CLIENT. cV=mvN0E5lCj8JtX1pSbnW9h+}
{"logTime": "0911/151349", "correlationVector":"mvN0E5lCj8JtX1pSbnW9h+.3","action":"GetUpdates Response", "result":"Success", "context":Received 1 update(s). cV=mvN0E5lCj8JtX1pSbnW9h+.0;server=akswtt10700005f;cloudType=Consumer;environment=Prod_southindia_prod-s01-004-apac-southindia;migrationStage=NotStarted}
{"logTime": "0911/151349", "correlationVector":"eCw6w07kbyntcWtJwwpSVE","action":"Initial GetUpdates", "result":"", "context":Reason: NEWLY_SUPPORTED_DATATYPE. cV=eCw6w07kbyntcWtJwwpSVE}
{"logTime": "0911/151350", "correlationVector":"eCw6w07kbyntcWtJwwpSVE.1","action":"SyncServerConnectionManagerRequest", "result":"SYNC_SERVER_OK", "context":{"environment":"Prod_southindia_prod-s01-004-apac-southindia", "migrationStage":"NotStarted", "server":"akswtt10700004z"}}
{"logTime": "0911/151350", "correlationVector":"eCw6w07kbyntcWtJwwpSVE.2","action":"ProcessGetUpdates", "result":"Done", "context":{"dataType":"Device Info", "deleted":"0", "process_failed_to_decrypt":"0", "process_pending_decryption":"0", "process_success":"3", "total":"3"}}
{"logTime": "0911/151350", "correlationVector":"eCw6w07kbyntcWtJwwpSVE.3","action":"GetUpdates Response", "result":"Success", "context":Received 3 update(s). cV=eCw6w07kbyntcWtJwwpSVE.0;server=akswtt10700004z;cloudType=Consumer;environment=Prod_southindia_prod-s01-004-apac-southindia;migrationStage=NotStarted}
{"logTime": "0911/151350", "correlationVector":"Jo85DMf/+WxSbT+Xy3tX//","action":"Initial GetUpdates", "result":"", "context":Reason: NEWLY_SUPPORTED_DATATYPE. cV=Jo85DMf/+WxSbT+Xy3tX//}
{"logTime": "0911/151351", "correlationVector":"Jo85DMf/+WxSbT+Xy3tX//.1","action":"SyncServerConnectionManagerRequest", "result":"SYNC_SERVER_OK", "context":{"environment":"Prod_southindia_prod-s01-004-apac-southindia", "migrationStage":"NotStarted", "server":"akswtt10700004i"}}
{"logTime": "0911/151351", "correlationVector":"Jo85DMf/+WxSbT+Xy3tX//.2","action":"GetUpdates Response", "result":"Success", "context":Received 0 update(s). cV=Jo85DMf/+WxSbT+Xy3tX//.0;server=akswtt10700004i;cloudType=Consumer;environment=Prod_southindia_prod-s01-004-apac-southindia;migrationStage=NotStarted}
{"logTime": "0911/151351", "correlationVector":"Vf7de0+ekd6TwBallxi1Dd","action":"Normal GetUpdate request", "result":"", "context":cV=Vf7de0+ekd6TwBallxi1Dd
Nudged types: Device Info, User Consents
Refresh requested types: Extensions, Extension settings, Device Info, User Consents, Send Tab To Self, Web Apps, Encryption Keys}
{"logTime": "0911/151351", "correlationVector":"Vf7de0+ekd6TwBallxi1Dd.1","action":"SyncServerConnectionManagerRequest", "result":"SYNC_SERVER_OK", "context":{"environment":"Prod_southindia_prod-s01-004-apac-southindia", "migrationStage":"NotStarted", "server":"akswtt10700005f"}}
{"logTime": "0911/151351", "correlationVector":"Vf7de0+ekd6TwBallxi1Dd.2","action":"GetUpdates Response", "result":"Success", "context":Received 0 update(s). cV=Vf7de0+ekd6TwBallxi1Dd.0;server=akswtt10700005f;cloudType=Consumer;environment=Prod_southindia_prod-s01-004-apac-southindia;migrationStage=NotStarted}
{"logTime": "0911/151351", "correlationVector":"Qf0G0aAJk97j9kn2NMOMXN","action":"DoCompareDataConsistency requsted types: ", "result":"Extensions, Extension settings, Send Tab To Self, Web Apps, Encryption Keys"}
{"logTime": "0911/151351", "correlationVector":"Qf0G0aAJk97j9kn2NMOMXN.0","action":"CompareDataConsistency result: ", "result":"Compare result: Encryption Keys is consistent. local entities count is: 1 local entities hash is: vSmht8sszQI73ciMMFUusrMNe1c="}
{"logTime": "0911/151351", "correlationVector":"Qf0G0aAJk97j9kn2NMOMXN.1","action":"CompareDataConsistency result: ", "result":"Compare result: Extensions is consistent. local entities count is: 0 local entities hash is: "}
{"logTime": "0911/151351", "correlationVector":"Qf0G0aAJk97j9kn2NMOMXN.2","action":"CompareDataConsistency result: ", "result":"Compare result: Extension settings is consistent. local entities count is: 0 local entities hash is: "}
{"logTime": "0911/151351", "correlationVector":"Qf0G0aAJk97j9kn2NMOMXN.3","action":"CompareDataConsistency result: ", "result":"Server did not send this Send Tab To Self local entities count is: 0 local entities hash is: "}
{"logTime": "0911/151351", "correlationVector":"Qf0G0aAJk97j9kn2NMOMXN.4","action":"CompareDataConsistency result: ", "result":"Compare result: Web Apps is consistent. local entities count is: 0 local entities hash is: "}
{"logTime": "0911/151351", "correlationVector":"X1D5pTrTjybyR1m3UDq3qM","action":"Commit Request", "result":"", "context":Item count: 2
Contributing types: Device Info, User Consents}
