2026-09-11 15:12:20.148: [INFO][Sync] Reset engine, reason: 8
2026-09-11 15:12:20.148: [INFO][Sync] Stopped: Bookmarks
2026-09-11 15:12:20.148: [INFO][Sync] Stopped: Preferences
2026-09-11 15:12:20.148: [INFO][Sync] Stopped: Passwords
2026-09-11 15:12:20.148: [INFO][Sync] Stopped: Autofill Profiles
2026-09-11 15:12:20.148: [INFO][Sync] Stopped: Autofill
2026-09-11 15:12:20.148: [INFO][Sync] Stopped: Extensions
2026-09-11 15:12:20.148: [INFO][Sync] Stopped: Sessions
2026-09-11 15:12:20.148: [INFO][Sync] Stopped: Extension settings
2026-09-11 15:12:20.148: [INFO][Sync] Stopped: History Delete Directives
2026-09-11 15:12:20.148: [INFO][Sync] Stopped: Device Info
2026-09-11 15:12:20.148: [INFO][Sync] Stopped: User Consents
2026-09-11 15:12:20.148: [INFO][Sync] Stopped: Send Tab To Self
2026-09-11 15:12:20.148: [INFO][Sync] Stopped: Web Apps
2026-09-11 15:12:20.148: [INFO][Sync] Stopped: History
2026-09-11 15:12:20.148: [INFO][Sync] Stopped: Saved Tab Group
2026-09-11 15:12:20.148: [INFO][Sync] Stopped: WebAuthn Credentials
2026-09-11 15:12:20.148: [INFO][Sync] Stopped: Edge Hub App Usage
2026-09-11 15:12:20.148: [INFO][Sync] Stopped: Edge Journey
2026-09-11 15:12:20.148: [INFO][Sync] Stopped: Edge Workspace
2026-09-11 15:12:20.148: [INFO][Sync] SyncState after authenticated was: NotSignedIn
2026-09-11 15:12:20.303: [INFO][Sync] Reset engine, reason: 8
2026-09-11 15:12:20.303: [INFO][Sync] Stopped: Bookmarks
2026-09-11 15:12:20.303: [INFO][Sync] Stopped: Preferences
2026-09-11 15:12:20.303: [INFO][Sync] Stopped: Passwords
2026-09-11 15:12:20.303: [INFO][Sync] Stopped: Autofill Profiles
2026-09-11 15:12:20.303: [INFO][Sync] Stopped: Autofill
2026-09-11 15:12:20.303: [INFO][Sync] Stopped: Extensions
2026-09-11 15:12:20.303: [INFO][Sync] Stopped: Sessions
2026-09-11 15:12:20.303: [INFO][Sync] Stopped: Extension settings
2026-09-11 15:12:20.303: [INFO][Sync] Stopped: History Delete Directives
2026-09-11 15:12:20.303: [INFO][Sync] Stopped: Device Info
2026-09-11 15:12:20.303: [INFO][Sync] Stopped: User Consents
2026-09-11 15:12:20.303: [INFO][Sync] Stopped: Send Tab To Self
2026-09-11 15:12:20.303: [INFO][Sync] Stopped: Web Apps
2026-09-11 15:12:20.303: [INFO][Sync] Stopped: History
2026-09-11 15:12:20.303: [INFO][Sync] Stopped: Saved Tab Group
2026-09-11 15:12:20.303: [INFO][Sync] Stopped: WebAuthn Credentials
2026-09-11 15:12:20.303: [INFO][Sync] Stopped: Edge Hub App Usage
2026-09-11 15:12:20.303: [INFO][Sync] Stopped: Edge Journey
2026-09-11 15:12:20.303: [INFO][Sync] Stopped: Edge Workspace
2026-09-11 15:12:22.025: [INFO][Sync] Try to start sync engine
2026-09-11 15:12:22.026: [INFO][SyncManagerImpl::NudgeForInitialDownload] Initial download nudge for Encryption Keys
2026-09-11 15:12:22.026: [INFO][SyncEngineBackend::LoadAndConnectNigoriController] Load and connect Nigori controller
2026-09-11 15:12:22.026: [INFO][SyncEngineBackend::DoInitialize] Control Types added: Encryption Keys
2026-09-11 15:12:22.026: [INFO][SyncManagerImpl::ConfigureSyncer] Types to download: Encryption Keys with reason: 3
2026-09-11 15:12:22.026: [INFO][SyncSchedulerImpl::DoConfigurationSyncCycleJob] Configure job was blocked
2026-09-11 15:12:22.963: [INFO][SyncAuthManager::SetLastAuthError] Current auth error: None
2026-09-11 15:12:22.964: [INFO][SyncAuthManager::EdgeLogTokenErrorState] Token error with: None for account type: MSA
2026-09-11 15:12:22.964: [INFO][Sync] Credentials changed for: EdgeSyncScopeNew
2026-09-11 15:12:23.419: [INFO][SyncAuthManager::SetLastAuthError] Current auth error: None
2026-09-11 15:12:23.419: [INFO][SyncAuthManager::EdgeLogTokenErrorState] Token error with: None for account type: MSA
2026-09-11 15:12:23.419: [INFO][Sync] Credentials changed for: EdgeSyncKeyDataScope
2026-09-11 15:12:23.419: [INFO][SyncEngineBackend::DoUpdateKeyDataCredentials] Update key data credentials
2026-09-11 15:12:23.419: [INFO][SyncEngineBackend::DoUpdateCredentials] Update credentials
2026-09-11 15:12:23.419: [INFO][SyncSchedulerImpl::DoConfigurationSyncCycleJob] Blocked types:  and types to download: Encryption Keys
2026-09-11 15:12:24.668: [INFO][Sync] Started DataTypeManager configuration, reason: 4
2026-09-11 15:12:24.668: [INFO][Sync] Configuring for: Bookmarks, Preferences, Passwords, Autofill Profiles, Autofill, Extensions, Sessions, Extension settings, History Delete Directives, Device Info, User Consents, Send Tab To Self, Web Apps, History, Saved Tab Group, WebAuthn Credentials, Edge Hub App Usage, Edge Workspace, Encryption Keys, reason: 3, current state: 0
2026-09-11 15:12:24.668: [WARN][Sync] Crypto error data types: Passwords, Autofill Profiles, Autofill
2026-09-11 15:12:24.669: [INFO][Sync] Configure, desired: Bookmarks, Preferences, Extensions, Sessions, Extension settings, History Delete Directives, Device Info, User Consents, Send Tab To Self, Web Apps, History, Saved Tab Group, WebAuthn Credentials, Edge Hub App Usage, Edge Workspace, Encryption Keys; Allow fail: Passwords, Autofill Profiles, Autofill
2026-09-11 15:12:24.669: [INFO][Sync] Loading: Bookmarks
2026-09-11 15:12:24.669: [INFO][Sync] Loading: Preferences
2026-09-11 15:12:24.669: [INFO][Sync] Loading: Extensions
2026-09-11 15:12:24.669: [INFO][Sync] Loading: Sessions
2026-09-11 15:12:24.670: [INFO][Sync] Loading: Extension settings
2026-09-11 15:12:24.670: [INFO][Sync] Loading: History Delete Directives
2026-09-11 15:12:24.670: [INFO][Sync] Loading: Device Info
2026-09-11 15:12:24.670: [INFO][Sync] Loading: User Consents
2026-09-11 15:12:24.670: [INFO][Sync] Loading: Send Tab To Self
2026-09-11 15:12:24.670: [INFO][Sync] Loading: Web Apps
2026-09-11 15:12:24.670: [INFO][Sync] Loading: History
2026-09-11 15:12:24.670: [INFO][Sync] Loading: Saved Tab Group
2026-09-11 15:12:24.670: [INFO][Sync] Loading: WebAuthn Credentials
2026-09-11 15:12:24.670: [INFO][Sync] Loading: Edge Hub App Usage
2026-09-11 15:12:24.670: [INFO][Sync] Loading: Edge Workspace
2026-09-11 15:12:24.676: [INFO][Sync] All data types are ready for configure.
2026-09-11 15:12:39.097: [INFO][Sync] SyncState after authenticated was: FeatureNotSetup
2026-09-11 15:12:39.167: [INFO][Sync] Try to start sync engine
2026-09-11 15:12:39.168: [INFO][SyncManagerImpl::NudgeForInitialDownload] Initial download nudge for Encryption Keys
2026-09-11 15:12:39.168: [INFO][SyncEngineBackend::LoadAndConnectNigoriController] Load and connect Nigori controller
2026-09-11 15:12:39.168: [INFO][SyncEngineBackend::DoInitialize] Control Types added: Encryption Keys
2026-09-11 15:12:39.168: [INFO][SyncManagerImpl::ConfigureSyncer] Types to download: Encryption Keys with reason: 3
2026-09-11 15:12:39.168: [INFO][SyncSchedulerImpl::DoConfigurationSyncCycleJob] Configure job was blocked
2026-09-11 15:12:39.243: [INFO][SyncAuthManager::SetLastAuthError] Current auth error: None
2026-09-11 15:12:39.243: [INFO][SyncAuthManager::EdgeLogTokenErrorState] Token error with: None for account type: MSA
2026-09-11 15:12:39.243: [INFO][Sync] Credentials changed for: EdgeSyncScopeNew
2026-09-11 15:12:39.302: [INFO][SyncAuthManager::SetLastAuthError] Current auth error: None
2026-09-11 15:12:39.302: [INFO][SyncAuthManager::EdgeLogTokenErrorState] Token error with: None for account type: MSA
2026-09-11 15:12:39.302: [INFO][Sync] Credentials changed for: EdgeSyncKeyDataScope
2026-09-11 15:12:39.302: [INFO][SyncEngineBackend::DoUpdateKeyDataCredentials] Update key data credentials
2026-09-11 15:12:39.302: [INFO][SyncEngineBackend::DoUpdateCredentials] Update credentials
2026-09-11 15:12:39.302: [INFO][SyncSchedulerImpl::DoConfigurationSyncCycleJob] Blocked types:  and types to download: Encryption Keys
2026-09-11 15:12:39.912: [INFO][Sync] Started DataTypeManager configuration, reason: 4
2026-09-11 15:12:39.912: [INFO][Sync] Configuring for: Extensions, Extension settings, Device Info, User Consents, Send Tab To Self, Web Apps, Encryption Keys, reason: 3, current state: 0
2026-09-11 15:12:39.912: [WARN][Sync] Crypto error data types: 
2026-09-11 15:12:39.914: [INFO][Sync] Configure, desired: Extensions, Extension settings, Device Info, User Consents, Send Tab To Self, Web Apps, Encryption Keys; Allow fail: 
2026-09-11 15:12:39.914: [INFO][Sync] Loading: Extensions
2026-09-11 15:12:39.914: [INFO][Sync] Loading: Extension settings
2026-09-11 15:12:39.914: [INFO][Sync] Loading: Device Info
2026-09-11 15:12:39.914: [INFO][Sync] Loading: User Consents
2026-09-11 15:12:39.914: [INFO][Sync] Loading: Send Tab To Self
2026-09-11 15:12:39.914: [INFO][Sync] Loading: Web Apps
2026-09-11 15:12:39.917: [INFO][Sync] All data types are ready for configure.
2026-09-11 15:12:41.639: [INFO][SyncEngineBackend::DoStartConfiguration] Start configuration
2026-09-11 15:12:41.639: [INFO][SyncManagerImpl::NudgeForInitialDownload] Initial download nudge for Extensions
2026-09-11 15:12:41.639: [INFO][SyncManagerImpl::NudgeForInitialDownload] Initial download nudge for Extension settings
2026-09-11 15:12:41.639: [INFO][SyncManagerImpl::NudgeForInitialDownload] Initial download nudge for Device Info
2026-09-11 15:12:41.639: [INFO][SyncManagerImpl::NudgeForInitialDownload] Initial download nudge for Send Tab To Self
2026-09-11 15:12:41.639: [INFO][SyncManagerImpl::NudgeForInitialDownload] Initial download nudge for Web Apps
2026-09-11 15:12:41.639: [INFO][SyncManagerImpl::ConfigureSyncer] Types to download:  with reason: 3
2026-09-11 15:12:41.639: [INFO][SyncEngineBackend::DoFinishConfigureDataTypes] Failed to download types:  and succeeded types: 
2026-09-11 15:12:41.639: [INFO][Sync] Started DataTypeManager configuration, reason: 5
2026-09-11 15:12:41.639: [INFO][Sync] Configuring for: Extensions, Extension settings, Device Info, User Consents, Send Tab To Self, Web Apps, Encryption Keys, reason: 5, current state: 1
2026-09-11 15:12:41.640: [INFO][Sync] ConfigurationDone, failed: , succeeded: , remaining count: 2
2026-09-11 15:12:41.640: [WARN][Sync]     Reconfigure requested while configuration ongoing.
2026-09-11 15:12:41.640: [INFO][Sync] Configuring for: Extensions, Extension settings, Device Info, User Consents, Send Tab To Self, Web Apps, Encryption Keys, reason: 5, current state: 2
2026-09-11 15:12:41.640: [INFO][Sync] Configure, desired: Extensions, Extension settings, Device Info, User Consents, Send Tab To Self, Web Apps, Encryption Keys; Allow fail: 
2026-09-11 15:12:41.640: [INFO][Sync] All data types are ready for configure.
2026-09-11 15:12:41.640: [INFO][SyncManagerImpl::ConfigureSyncer] Types to download:  with reason: 5
2026-09-11 15:12:41.640: [INFO][SyncEngineBackend::DoFinishConfigureDataTypes] Failed to download types:  and succeeded types: 
2026-09-11 15:12:41.640: [INFO][Sync] ConfigurationDone, failed: , succeeded: , remaining count: 2
2026-09-11 15:12:41.640: [INFO][Sync] Prepare to configure types: Device Info, Encryption Keys
2026-09-11 15:12:41.640: [INFO][SyncManagerImpl::ConfigureSyncer] Types to download: Device Info, Encryption Keys with reason: 5
2026-09-11 15:12:41.640: [INFO][SyncSchedulerImpl::DoConfigurationSyncCycleJob] Blocked types:  and types to download: Device Info, Encryption Keys
2026-09-11 15:12:42.202: [INFO][SyncEngineBackend::DoFinishConfigureDataTypes] Failed to download types:  and succeeded types: Device Info, Encryption Keys
2026-09-11 15:12:42.205: [INFO][Sync] ConfigurationDone, failed: , succeeded: Device Info, Encryption Keys, remaining count: 1
2026-09-11 15:12:42.205: [INFO][Sync] Prepare to configure types: Extensions, Extension settings, Send Tab To Self, Web Apps, Encryption Keys
2026-09-11 15:12:42.205: [INFO][SyncManagerImpl::ConfigureSyncer] Types to download: Extensions, Extension settings, Send Tab To Self, Web Apps, Encryption Keys with reason: 5
2026-09-11 15:12:42.205: [INFO][SyncSchedulerImpl::DoConfigurationSyncCycleJob] Blocked types:  and types to download: Extensions, Extension settings, Send Tab To Self, Web Apps, Encryption Keys
2026-09-11 15:12:42.803: [INFO][SyncEngineBackend::DoFinishConfigureDataTypes] Failed to download types:  and succeeded types: Extensions, Extension settings, Send Tab To Self, Web Apps, Encryption Keys
2026-09-11 15:12:42.807: [INFO][Sync] ConfigurationDone, failed: , succeeded: Extensions, Extension settings, Send Tab To Self, Web Apps, Encryption Keys, remaining count: 0
2026-09-11 15:12:42.807: [INFO][Sync]     Configuration completed, state: 7
2026-09-11 15:12:42.807: [INFO][Sync] Configured DataTypeManager: Ok
2026-09-11 15:12:42.810: [INFO][SyncEngineBackend::DoStartSyncing] Start syncing
2026-09-11 15:12:53.790: [INFO][Sync] SyncState after authenticated was: FeatureNotSetup
2026-09-11 15:12:53.862: [INFO][Sync] Try to start sync engine
2026-09-11 15:12:53.864: [INFO][SyncManagerImpl::NudgeForInitialDownload] Initial download nudge for Encryption Keys
2026-09-11 15:12:53.864: [INFO][SyncEngineBackend::LoadAndConnectNigoriController] Load and connect Nigori controller
2026-09-11 15:12:53.864: [INFO][SyncEngineBackend::DoInitialize] Control Types added: Encryption Keys
2026-09-11 15:12:53.864: [INFO][SyncManagerImpl::ConfigureSyncer] Types to download: Encryption Keys with reason: 3
2026-09-11 15:12:53.864: [INFO][SyncSchedulerImpl::DoConfigurationSyncCycleJob] Configure job was blocked
2026-09-11 15:12:53.961: [INFO][SyncAuthManager::SetLastAuthError] Current auth error: None
2026-09-11 15:12:53.961: [INFO][SyncAuthManager::EdgeLogTokenErrorState] Token error with: None for account type: MSA
2026-09-11 15:12:53.961: [INFO][Sync] Credentials changed for: EdgeSyncScopeNew
2026-09-11 15:12:53.999: [INFO][SyncAuthManager::SetLastAuthError] Current auth error: None
2026-09-11 15:12:53.999: [INFO][SyncAuthManager::EdgeLogTokenErrorState] Token error with: None for account type: MSA
2026-09-11 15:12:53.999: [INFO][Sync] Credentials changed for: EdgeSyncKeyDataScope
2026-09-11 15:12:53.999: [INFO][SyncEngineBackend::DoUpdateKeyDataCredentials] Update key data credentials
2026-09-11 15:12:53.999: [INFO][SyncEngineBackend::DoUpdateCredentials] Update credentials
2026-09-11 15:12:53.999: [INFO][SyncSchedulerImpl::DoConfigurationSyncCycleJob] Blocked types:  and types to download: Encryption Keys
2026-09-11 15:12:54.598: [INFO][Sync] Started DataTypeManager configuration, reason: 4
2026-09-11 15:12:54.598: [INFO][Sync] Configuring for: Extensions, Extension settings, Device Info, User Consents, Send Tab To Self, Web Apps, Encryption Keys, reason: 3, current state: 0
2026-09-11 15:12:54.598: [WARN][Sync] Crypto error data types: 
2026-09-11 15:12:54.600: [INFO][Sync] Configure, desired: Extensions, Extension settings, Device Info, User Consents, Send Tab To Self, Web Apps, Encryption Keys; Allow fail: 
2026-09-11 15:12:54.600: [INFO][Sync] Loading: Extensions
2026-09-11 15:12:54.601: [INFO][Sync] Loading: Extension settings
2026-09-11 15:12:54.601: [INFO][Sync] Loading: Device Info
2026-09-11 15:12:54.601: [INFO][Sync] Loading: User Consents
2026-09-11 15:12:54.601: [INFO][Sync] Loading: Send Tab To Self
2026-09-11 15:12:54.601: [INFO][Sync] Loading: Web Apps
2026-09-11 15:12:54.605: [INFO][Sync] All data types are ready for configure.
2026-09-11 15:12:57.327: [INFO][SyncEngineBackend::DoStartConfiguration] Start configuration
2026-09-11 15:12:57.327: [INFO][SyncManagerImpl::NudgeForInitialDownload] Initial download nudge for Extensions
2026-09-11 15:12:57.327: [INFO][SyncManagerImpl::NudgeForInitialDownload] Initial download nudge for Extension settings
2026-09-11 15:12:57.327: [INFO][SyncManagerImpl::NudgeForInitialDownload] Initial download nudge for Device Info
2026-09-11 15:12:57.327: [INFO][SyncManagerImpl::NudgeForInitialDownload] Initial download nudge for Send Tab To Self
2026-09-11 15:12:57.327: [INFO][SyncManagerImpl::NudgeForInitialDownload] Initial download nudge for Web Apps
2026-09-11 15:12:57.327: [INFO][SyncManagerImpl::ConfigureSyncer] Types to download:  with reason: 3
2026-09-11 15:12:57.327: [INFO][SyncEngineBackend::DoFinishConfigureDataTypes] Failed to download types:  and succeeded types: 
2026-09-11 15:12:57.328: [INFO][Sync] Started DataTypeManager configuration, reason: 5
2026-09-11 15:12:57.328: [INFO][Sync] Configuring for: Extensions, Extension settings, Device Info, User Consents, Send Tab To Self, Web Apps, Encryption Keys, reason: 5, current state: 1
2026-09-11 15:12:57.331: [INFO][Sync] ConfigurationDone, failed: , succeeded: , remaining count: 2
2026-09-11 15:12:57.331: [WARN][Sync]     Reconfigure requested while configuration ongoing.
2026-09-11 15:12:57.331: [INFO][Sync] Configuring for: Extensions, Extension settings, Device Info, User Consents, Send Tab To Self, Web Apps, Encryption Keys, reason: 5, current state: 2
2026-09-11 15:12:57.331: [INFO][Sync] Configure, desired: Extensions, Extension settings, Device Info, User Consents, Send Tab To Self, Web Apps, Encryption Keys; Allow fail: 
2026-09-11 15:12:57.331: [INFO][Sync] All data types are ready for configure.
2026-09-11 15:12:57.331: [INFO][SyncManagerImpl::ConfigureSyncer] Types to download:  with reason: 5
2026-09-11 15:12:57.331: [INFO][SyncEngineBackend::DoFinishConfigureDataTypes] Failed to download types:  and succeeded types: 
2026-09-11 15:12:57.331: [INFO][Sync] ConfigurationDone, failed: , succeeded: , remaining count: 2
2026-09-11 15:12:57.331: [INFO][Sync] Prepare to configure types: Device Info, Encryption Keys
2026-09-11 15:12:57.331: [INFO][SyncManagerImpl::ConfigureSyncer] Types to download: Device Info, Encryption Keys with reason: 5
2026-09-11 15:12:57.331: [INFO][SyncSchedulerImpl::DoConfigurationSyncCycleJob] Blocked types:  and types to download: Device Info, Encryption Keys
2026-09-11 15:12:58.029: [INFO][SyncEngineBackend::DoFinishConfigureDataTypes] Failed to download types:  and succeeded types: Device Info, Encryption Keys
2026-09-11 15:12:58.032: [INFO][Sync] ConfigurationDone, failed: , succeeded: Device Info, Encryption Keys, remaining count: 1
2026-09-11 15:12:58.032: [INFO][Sync] Prepare to configure types: Extensions, Extension settings, Send Tab To Self, Web Apps, Encryption Keys
2026-09-11 15:12:58.032: [INFO][SyncManagerImpl::ConfigureSyncer] Types to download: Extensions, Extension settings, Send Tab To Self, Web Apps, Encryption Keys with reason: 5
2026-09-11 15:12:58.032: [INFO][SyncSchedulerImpl::DoConfigurationSyncCycleJob] Blocked types:  and types to download: Extensions, Extension settings, Send Tab To Self, Web Apps, Encryption Keys
2026-09-11 15:12:58.609: [INFO][SyncEngineBackend::DoFinishConfigureDataTypes] Failed to download types:  and succeeded types: Extensions, Extension settings, Send Tab To Self, Web Apps, Encryption Keys
2026-09-11 15:12:58.613: [INFO][Sync] ConfigurationDone, failed: , succeeded: Extensions, Extension settings, Send Tab To Self, Web Apps, Encryption Keys, remaining count: 0
2026-09-11 15:12:58.613: [INFO][Sync]     Configuration completed, state: 7
2026-09-11 15:12:58.613: [INFO][Sync] Configured DataTypeManager: Ok
2026-09-11 15:12:58.617: [INFO][SyncEngineBackend::DoStartSyncing] Start syncing
2026-09-11 15:13:47.814: [INFO][Sync] SyncState after authenticated was: FeatureNotSetup
2026-09-11 15:13:47.887: [INFO][Sync] Try to start sync engine
2026-09-11 15:13:47.888: [INFO][SyncManagerImpl::NudgeForInitialDownload] Initial download nudge for Encryption Keys
2026-09-11 15:13:47.889: [INFO][SyncEngineBackend::LoadAndConnectNigoriController] Load and connect Nigori controller
2026-09-11 15:13:47.889: [INFO][SyncEngineBackend::DoInitialize] Control Types added: Encryption Keys
2026-09-11 15:13:47.889: [INFO][SyncManagerImpl::ConfigureSyncer] Types to download: Encryption Keys with reason: 3
2026-09-11 15:13:47.889: [INFO][SyncSchedulerImpl::DoConfigurationSyncCycleJob] Configure job was blocked
2026-09-11 15:13:48.002: [INFO][SyncAuthManager::SetLastAuthError] Current auth error: None
2026-09-11 15:13:48.002: [INFO][SyncAuthManager::EdgeLogTokenErrorState] Token error with: None for account type: MSA
2026-09-11 15:13:48.002: [INFO][Sync] Credentials changed for: EdgeSyncScopeNew
2026-09-11 15:13:48.047: [INFO][SyncAuthManager::SetLastAuthError] Current auth error: None
2026-09-11 15:13:48.047: [INFO][SyncAuthManager::EdgeLogTokenErrorState] Token error with: None for account type: MSA
2026-09-11 15:13:48.047: [INFO][Sync] Credentials changed for: EdgeSyncKeyDataScope
2026-09-11 15:13:48.048: [INFO][SyncEngineBackend::DoUpdateKeyDataCredentials] Update key data credentials
2026-09-11 15:13:48.048: [INFO][SyncEngineBackend::DoUpdateCredentials] Update credentials
2026-09-11 15:13:48.048: [INFO][SyncSchedulerImpl::DoConfigurationSyncCycleJob] Blocked types:  and types to download: Encryption Keys
2026-09-11 15:13:48.930: [INFO][Sync] Started DataTypeManager configuration, reason: 4
2026-09-11 15:13:48.930: [INFO][Sync] Configuring for: Extensions, Extension settings, Device Info, User Consents, Send Tab To Self, Web Apps, Encryption Keys, reason: 3, current state: 0
2026-09-11 15:13:48.930: [WARN][Sync] Crypto error data types: 
2026-09-11 15:13:48.932: [INFO][Sync] Configure, desired: Extensions, Extension settings, Device Info, User Consents, Send Tab To Self, Web Apps, Encryption Keys; Allow fail: 
2026-09-11 15:13:48.932: [INFO][Sync] Loading: Extensions
2026-09-11 15:13:48.932: [INFO][Sync] Loading: Extension settings
2026-09-11 15:13:48.932: [INFO][Sync] Loading: Device Info
2026-09-11 15:13:48.933: [INFO][Sync] Loading: User Consents
2026-09-11 15:13:48.933: [INFO][Sync] Loading: Send Tab To Self
2026-09-11 15:13:48.933: [INFO][Sync] Loading: Web Apps
2026-09-11 15:13:48.937: [INFO][Sync] All data types are ready for configure.
2026-09-11 15:13:49.701: [INFO][SyncEngineBackend::DoStartConfiguration] Start configuration
2026-09-11 15:13:49.701: [INFO][SyncManagerImpl::NudgeForInitialDownload] Initial download nudge for Extensions
2026-09-11 15:13:49.701: [INFO][SyncManagerImpl::NudgeForInitialDownload] Initial download nudge for Extension settings
2026-09-11 15:13:49.701: [INFO][SyncManagerImpl::NudgeForInitialDownload] Initial download nudge for Device Info
2026-09-11 15:13:49.701: [INFO][SyncManagerImpl::NudgeForInitialDownload] Initial download nudge for Send Tab To Self
2026-09-11 15:13:49.701: [INFO][SyncManagerImpl::NudgeForInitialDownload] Initial download nudge for Web Apps
2026-09-11 15:13:49.701: [INFO][SyncManagerImpl::ConfigureSyncer] Types to download:  with reason: 3
2026-09-11 15:13:49.701: [INFO][SyncEngineBackend::DoFinishConfigureDataTypes] Failed to download types:  and succeeded types: 
2026-09-11 15:13:49.702: [INFO][Sync] Started DataTypeManager configuration, reason: 5
2026-09-11 15:13:49.702: [INFO][Sync] Configuring for: Extensions, Extension settings, Device Info, User Consents, Send Tab To Self, Web Apps, Encryption Keys, reason: 5, current state: 1
2026-09-11 15:13:49.704: [INFO][Sync] ConfigurationDone, failed: , succeeded: , remaining count: 2
2026-09-11 15:13:49.704: [WARN][Sync]     Reconfigure requested while configuration ongoing.
2026-09-11 15:13:49.704: [INFO][Sync] Configuring for: Extensions, Extension settings, Device Info, User Consents, Send Tab To Self, Web Apps, Encryption Keys, reason: 5, current state: 2
2026-09-11 15:13:49.705: [INFO][Sync] Configure, desired: Extensions, Extension settings, Device Info, User Consents, Send Tab To Self, Web Apps, Encryption Keys; Allow fail: 
2026-09-11 15:13:49.705: [INFO][Sync] All data types are ready for configure.
2026-09-11 15:13:49.705: [INFO][SyncManagerImpl::ConfigureSyncer] Types to download:  with reason: 5
2026-09-11 15:13:49.705: [INFO][SyncEngineBackend::DoFinishConfigureDataTypes] Failed to download types:  and succeeded types: 
2026-09-11 15:13:49.705: [INFO][Sync] ConfigurationDone, failed: , succeeded: , remaining count: 2
2026-09-11 15:13:49.705: [INFO][Sync] Prepare to configure types: Device Info, Encryption Keys
2026-09-11 15:13:49.705: [INFO][SyncManagerImpl::ConfigureSyncer] Types to download: Device Info, Encryption Keys with reason: 5
2026-09-11 15:13:49.705: [INFO][SyncSchedulerImpl::DoConfigurationSyncCycleJob] Blocked types:  and types to download: Device Info, Encryption Keys
2026-09-11 15:13:50.469: [INFO][SyncEngineBackend::DoFinishConfigureDataTypes] Failed to download types:  and succeeded types: Device Info, Encryption Keys
2026-09-11 15:13:50.472: [INFO][Sync] ConfigurationDone, failed: , succeeded: Device Info, Encryption Keys, remaining count: 1
2026-09-11 15:13:50.472: [INFO][Sync] Prepare to configure types: Extensions, Extension settings, Send Tab To Self, Web Apps, Encryption Keys
2026-09-11 15:13:50.472: [INFO][SyncManagerImpl::ConfigureSyncer] Types to download: Extensions, Extension settings, Send Tab To Self, Web Apps, Encryption Keys with reason: 5
2026-09-11 15:13:50.472: [INFO][SyncSchedulerImpl::DoConfigurationSyncCycleJob] Blocked types:  and types to download: Extensions, Extension settings, Send Tab To Self, Web Apps, Encryption Keys
2026-09-11 15:13:51.093: [INFO][SyncEngineBackend::DoFinishConfigureDataTypes] Failed to download types:  and succeeded types: Extensions, Extension settings, Send Tab To Self, Web Apps, Encryption Keys
2026-09-11 15:13:51.095: [INFO][Sync] ConfigurationDone, failed: , succeeded: Extensions, Extension settings, Send Tab To Self, Web Apps, Encryption Keys, remaining count: 0
2026-09-11 15:13:51.096: [INFO][Sync]     Configuration completed, state: 7
2026-09-11 15:13:51.096: [INFO][Sync] Configured DataTypeManager: Ok
2026-09-11 15:13:51.098: [INFO][SyncEngineBackend::DoStartSyncing] Start syncing
